Santa Cruz|2000-05-24|Argentina|2|France|1
Marseille|2001-03-28|Argentina|2|France|0
Santa Cruz|2001-05-19|Argentina|3|France|0
Marseille|2002-12-06|Argentina|1|France|2
Lyon|2003-02-11|Argentina|1|France|2
Lyon|2003-06-05|Argentina|1|France|2
Santa Cruz|2005-10-04|Argentina|2|France|2
Paris|2006-05-07|Argentina|2|France|2
